Archive member included to satisfy reference by file (symbol)

/Users/roope/Documents/Koulu/Embedded systems/avr8-gnu-toolchain-darwin_universal/bin/../lib/gcc/avr/15.1.0/avr5/libgcc.a(_umulhisi3.o)
                              build/default/production/main.o (__umulhisi3)
/Users/roope/Documents/Koulu/Embedded systems/avr8-gnu-toolchain-darwin_universal/bin/../lib/gcc/avr/15.1.0/avr5/libgcc.a(_udivmodsi4.o)
                              build/default/production/main.o (__udivmodsi4)
/Users/roope/Documents/Koulu/Embedded systems/avr8-gnu-toolchain-darwin_universal/bin/../lib/gcc/avr/15.1.0/avr5/libgcc.a(_exit.o)
                              /Users/roope/.mchp_packs/Microchip/ATmega_DFP/3.5.296/gcc/dev/atmega328p/avr5/crtatmega328p.o (exit)
/Users/roope/Documents/Koulu/Embedded systems/avr8-gnu-toolchain-darwin_universal/bin/../lib/gcc/avr/15.1.0/avr5/libgcc.a(_clear_bss.o)
                              build/default/production/main.o (__do_clear_bss)

Discarded input sections

 .data          0x00000000        0x0 /Users/roope/.mchp_packs/Microchip/ATmega_DFP/3.5.296/gcc/dev/atmega328p/avr5/crtatmega328p.o
 .bss           0x00000000        0x0 /Users/roope/.mchp_packs/Microchip/ATmega_DFP/3.5.296/gcc/dev/atmega328p/avr5/crtatmega328p.o
 .text          0x00000000        0x0 build/default/production/main.o
 .data          0x00000000        0x0 build/default/production/main.o
 .bss           0x00000000        0x0 build/default/production/main.o
 .text          0x00000000        0x0 /Users/roope/Documents/Koulu/Embedded systems/avr8-gnu-toolchain-darwin_universal/bin/../lib/gcc/avr/15.1.0/avr5/libgcc.a(_umulhisi3.o)
 .data          0x00000000        0x0 /Users/roope/Documents/Koulu/Embedded systems/avr8-gnu-toolchain-darwin_universal/bin/../lib/gcc/avr/15.1.0/avr5/libgcc.a(_umulhisi3.o)
 .bss           0x00000000        0x0 /Users/roope/Documents/Koulu/Embedded systems/avr8-gnu-toolchain-darwin_universal/bin/../lib/gcc/avr/15.1.0/avr5/libgcc.a(_umulhisi3.o)
 .text.libgcc.div
                0x00000000        0x0 /Users/roope/Documents/Koulu/Embedded systems/avr8-gnu-toolchain-darwin_universal/bin/../lib/gcc/avr/15.1.0/avr5/libgcc.a(_umulhisi3.o)
 .text.libgcc   0x00000000        0x0 /Users/roope/Documents/Koulu/Embedded systems/avr8-gnu-toolchain-darwin_universal/bin/../lib/gcc/avr/15.1.0/avr5/libgcc.a(_umulhisi3.o)
 .text.libgcc.prologue
                0x00000000        0x0 /Users/roope/Documents/Koulu/Embedded systems/avr8-gnu-toolchain-darwin_universal/bin/../lib/gcc/avr/15.1.0/avr5/libgcc.a(_umulhisi3.o)
 .text.libgcc.builtins
                0x00000000        0x0 /Users/roope/Documents/Koulu/Embedded systems/avr8-gnu-toolchain-darwin_universal/bin/../lib/gcc/avr/15.1.0/avr5/libgcc.a(_umulhisi3.o)
 .text.libgcc.fmul
                0x00000000        0x0 /Users/roope/Documents/Koulu/Embedded systems/avr8-gnu-toolchain-darwin_universal/bin/../lib/gcc/avr/15.1.0/avr5/libgcc.a(_umulhisi3.o)
 .text.libgcc.fixed
                0x00000000        0x0 /Users/roope/Documents/Koulu/Embedded systems/avr8-gnu-toolchain-darwin_universal/bin/../lib/gcc/avr/15.1.0/avr5/libgcc.a(_umulhisi3.o)
 .text          0x00000000        0x0 /Users/roope/Documents/Koulu/Embedded systems/avr8-gnu-toolchain-darwin_universal/bin/../lib/gcc/avr/15.1.0/avr5/libgcc.a(_udivmodsi4.o)
 .data          0x00000000        0x0 /Users/roope/Documents/Koulu/Embedded systems/avr8-gnu-toolchain-darwin_universal/bin/../lib/gcc/avr/15.1.0/avr5/libgcc.a(_udivmodsi4.o)
 .bss           0x00000000        0x0 /Users/roope/Documents/Koulu/Embedded systems/avr8-gnu-toolchain-darwin_universal/bin/../lib/gcc/avr/15.1.0/avr5/libgcc.a(_udivmodsi4.o)
 .text.libgcc.mul
                0x00000000        0x0 /Users/roope/Documents/Koulu/Embedded systems/avr8-gnu-toolchain-darwin_universal/bin/../lib/gcc/avr/15.1.0/avr5/libgcc.a(_udivmodsi4.o)
 .text.libgcc   0x00000000        0x0 /Users/roope/Documents/Koulu/Embedded systems/avr8-gnu-toolchain-darwin_universal/bin/../lib/gcc/avr/15.1.0/avr5/libgcc.a(_udivmodsi4.o)
 .text.libgcc.prologue
                0x00000000        0x0 /Users/roope/Documents/Koulu/Embedded systems/avr8-gnu-toolchain-darwin_universal/bin/../lib/gcc/avr/15.1.0/avr5/libgcc.a(_udivmodsi4.o)
 .text.libgcc.builtins
                0x00000000        0x0 /Users/roope/Documents/Koulu/Embedded systems/avr8-gnu-toolchain-darwin_universal/bin/../lib/gcc/avr/15.1.0/avr5/libgcc.a(_udivmodsi4.o)
 .text.libgcc.fmul
                0x00000000        0x0 /Users/roope/Documents/Koulu/Embedded systems/avr8-gnu-toolchain-darwin_universal/bin/../lib/gcc/avr/15.1.0/avr5/libgcc.a(_udivmodsi4.o)
 .text.libgcc.fixed
                0x00000000        0x0 /Users/roope/Documents/Koulu/Embedded systems/avr8-gnu-toolchain-darwin_universal/bin/../lib/gcc/avr/15.1.0/avr5/libgcc.a(_udivmodsi4.o)
 .text          0x00000000        0x0 /Users/roope/Documents/Koulu/Embedded systems/avr8-gnu-toolchain-darwin_universal/bin/../lib/gcc/avr/15.1.0/avr5/libgcc.a(_exit.o)
 .data          0x00000000        0x0 /Users/roope/Documents/Koulu/Embedded systems/avr8-gnu-toolchain-darwin_universal/bin/../lib/gcc/avr/15.1.0/avr5/libgcc.a(_exit.o)
 .bss           0x00000000        0x0 /Users/roope/Documents/Koulu/Embedded systems/avr8-gnu-toolchain-darwin_universal/bin/../lib/gcc/avr/15.1.0/avr5/libgcc.a(_exit.o)
 .text.libgcc.mul
                0x00000000        0x0 /Users/roope/Documents/Koulu/Embedded systems/avr8-gnu-toolchain-darwin_universal/bin/../lib/gcc/avr/15.1.0/avr5/libgcc.a(_exit.o)
 .text.libgcc.div
                0x00000000        0x0 /Users/roope/Documents/Koulu/Embedded systems/avr8-gnu-toolchain-darwin_universal/bin/../lib/gcc/avr/15.1.0/avr5/libgcc.a(_exit.o)
 .text.libgcc   0x00000000        0x0 /Users/roope/Documents/Koulu/Embedded systems/avr8-gnu-toolchain-darwin_universal/bin/../lib/gcc/avr/15.1.0/avr5/libgcc.a(_exit.o)
 .text.libgcc.prologue
                0x00000000        0x0 /Users/roope/Documents/Koulu/Embedded systems/avr8-gnu-toolchain-darwin_universal/bin/../lib/gcc/avr/15.1.0/avr5/libgcc.a(_exit.o)
 .text.libgcc.builtins
                0x00000000        0x0 /Users/roope/Documents/Koulu/Embedded systems/avr8-gnu-toolchain-darwin_universal/bin/../lib/gcc/avr/15.1.0/avr5/libgcc.a(_exit.o)
 .text.libgcc.fmul
                0x00000000        0x0 /Users/roope/Documents/Koulu/Embedded systems/avr8-gnu-toolchain-darwin_universal/bin/../lib/gcc/avr/15.1.0/avr5/libgcc.a(_exit.o)
 .text.libgcc.fixed
                0x00000000        0x0 /Users/roope/Documents/Koulu/Embedded systems/avr8-gnu-toolchain-darwin_universal/bin/../lib/gcc/avr/15.1.0/avr5/libgcc.a(_exit.o)
 .text          0x00000000        0x0 /Users/roope/Documents/Koulu/Embedded systems/avr8-gnu-toolchain-darwin_universal/bin/../lib/gcc/avr/15.1.0/avr5/libgcc.a(_clear_bss.o)
 .data          0x00000000        0x0 /Users/roope/Documents/Koulu/Embedded systems/avr8-gnu-toolchain-darwin_universal/bin/../lib/gcc/avr/15.1.0/avr5/libgcc.a(_clear_bss.o)
 .bss           0x00000000        0x0 /Users/roope/Documents/Koulu/Embedded systems/avr8-gnu-toolchain-darwin_universal/bin/../lib/gcc/avr/15.1.0/avr5/libgcc.a(_clear_bss.o)
 .text.libgcc.mul
                0x00000000        0x0 /Users/roope/Documents/Koulu/Embedded systems/avr8-gnu-toolchain-darwin_universal/bin/../lib/gcc/avr/15.1.0/avr5/libgcc.a(_clear_bss.o)
 .text.libgcc.div
                0x00000000        0x0 /Users/roope/Documents/Koulu/Embedded systems/avr8-gnu-toolchain-darwin_universal/bin/../lib/gcc/avr/15.1.0/avr5/libgcc.a(_clear_bss.o)
 .text.libgcc   0x00000000        0x0 /Users/roope/Documents/Koulu/Embedded systems/avr8-gnu-toolchain-darwin_universal/bin/../lib/gcc/avr/15.1.0/avr5/libgcc.a(_clear_bss.o)
 .text.libgcc.prologue
                0x00000000        0x0 /Users/roope/Documents/Koulu/Embedded systems/avr8-gnu-toolchain-darwin_universal/bin/../lib/gcc/avr/15.1.0/avr5/libgcc.a(_clear_bss.o)
 .text.libgcc.builtins
                0x00000000        0x0 /Users/roope/Documents/Koulu/Embedded systems/avr8-gnu-toolchain-darwin_universal/bin/../lib/gcc/avr/15.1.0/avr5/libgcc.a(_clear_bss.o)
 .text.libgcc.fmul
                0x00000000        0x0 /Users/roope/Documents/Koulu/Embedded systems/avr8-gnu-toolchain-darwin_universal/bin/../lib/gcc/avr/15.1.0/avr5/libgcc.a(_clear_bss.o)
 .text.libgcc.fixed
                0x00000000        0x0 /Users/roope/Documents/Koulu/Embedded systems/avr8-gnu-toolchain-darwin_universal/bin/../lib/gcc/avr/15.1.0/avr5/libgcc.a(_clear_bss.o)

Memory Configuration

Name             Origin             Length             Attributes
text             0x00000000         0x00008000         xr
data             0x00800100         0x00000800         rw!x
eeprom           0x00810000         0x00000400         rw!x
fuse             0x00820000         0x00000003         rw!x
lock             0x00830000         0x00000400         rw!x
signature        0x00840000         0x00000400         rw!x
user_signatures  0x00850000         0x00000400         rw!x
*default*        0x00000000         0xffffffff

Linker script and memory map

Address of section .data set to 0x800100
LOAD /Users/roope/.mchp_packs/Microchip/ATmega_DFP/3.5.296/gcc/dev/atmega328p/avr5/crtatmega328p.o
LOAD build/default/production/main.o
                0x00000001                        __MPLAB_BUILD = 0x1
START GROUP
LOAD /Users/roope/Documents/Koulu/Embedded systems/avr8-gnu-toolchain-darwin_universal/bin/../lib/gcc/avr/15.1.0/../../../../avr/lib/avr5/libm.a
END GROUP
START GROUP
LOAD /Users/roope/Documents/Koulu/Embedded systems/avr8-gnu-toolchain-darwin_universal/bin/../lib/gcc/avr/15.1.0/avr5/libgcc.a
LOAD /Users/roope/Documents/Koulu/Embedded systems/avr8-gnu-toolchain-darwin_universal/bin/../lib/gcc/avr/15.1.0/../../../../avr/lib/avr5/libm.a
LOAD /Users/roope/Documents/Koulu/Embedded systems/avr8-gnu-toolchain-darwin_universal/bin/../lib/gcc/avr/15.1.0/../../../../avr/lib/avr5/libc.a
LOAD /Users/roope/.mchp_packs/Microchip/ATmega_DFP/3.5.296/gcc/dev/atmega328p/avr5/libatmega328p.a
END GROUP
                0x00000000                        __TEXT_REGION_ORIGIN__ = DEFINED (__TEXT_REGION_ORIGIN__)?__TEXT_REGION_ORIGIN__:0x0
                [0x00008000]                      __TEXT_REGION_LENGTH__ = DEFINED (__TEXT_REGION_LENGTH__)?__TEXT_REGION_LENGTH__:0x20000
                [0x00800100]                      __DATA_REGION_ORIGIN__ = DEFINED (__DATA_REGION_ORIGIN__)?__DATA_REGION_ORIGIN__:0x800060
                [0x00000800]                      __DATA_REGION_LENGTH__ = DEFINED (__DATA_REGION_LENGTH__)?__DATA_REGION_LENGTH__:0xffa0
                [0x00000400]                      __EEPROM_REGION_LENGTH__ = DEFINED (__EEPROM_REGION_LENGTH__)?__EEPROM_REGION_LENGTH__:0x10000
                [0x00000003]                      __FUSE_REGION_LENGTH__ = DEFINED (__FUSE_REGION_LENGTH__)?__FUSE_REGION_LENGTH__:0x400
                0x00000400                        __LOCK_REGION_LENGTH__ = DEFINED (__LOCK_REGION_LENGTH__)?__LOCK_REGION_LENGTH__:0x400
                0x00000400                        __SIGNATURE_REGION_LENGTH__ = DEFINED (__SIGNATURE_REGION_LENGTH__)?__SIGNATURE_REGION_LENGTH__:0x400
                0x00000400                        __USER_SIGNATURE_REGION_LENGTH__ = DEFINED (__USER_SIGNATURE_REGION_LENGTH__)?__USER_SIGNATURE_REGION_LENGTH__:0x400

.hash
 *(.hash)

.dynsym
 *(.dynsym)

.dynstr
 *(.dynstr)

.gnu.version
 *(.gnu.version)

.gnu.version_d
 *(.gnu.version_d)

.gnu.version_r
 *(.gnu.version_r)

.rel.init
 *(.rel.init)

.rela.init
 *(.rela.init)

.rel.text
 *(.rel.text)
 *(.rel.text.*)
 *(.rel.gnu.linkonce.t*)

.rela.text
 *(.rela.text)
 *(.rela.text.*)
 *(.rela.gnu.linkonce.t*)

.rel.fini
 *(.rel.fini)

.rela.fini
 *(.rela.fini)

.rel.rodata
 *(.rel.rodata)
 *(.rel.rodata.*)
 *(.rel.gnu.linkonce.r*)

.rela.rodata
 *(.rela.rodata)
 *(.rela.rodata.*)
 *(.rela.gnu.linkonce.r*)

.rel.data
 *(.rel.data)
 *(.rel.data.*)
 *(.rel.gnu.linkonce.d*)

.rela.data
 *(.rela.data)
 *(.rela.data.*)
 *(.rela.gnu.linkonce.d*)

.rel.ctors
 *(.rel.ctors)

.rela.ctors
 *(.rela.ctors)

.rel.dtors
 *(.rel.dtors)

.rela.dtors
 *(.rela.dtors)

.rel.got
 *(.rel.got)

.rela.got
 *(.rela.got)

.rel.bss
 *(.rel.bss)

.rela.bss
 *(.rela.bss)

.rel.plt
 *(.rel.plt)

.rela.plt
 *(.rela.plt)

.text           0x00000000      0x2a8
 *(.vectors)
 .vectors       0x00000000       0x68 /Users/roope/.mchp_packs/Microchip/ATmega_DFP/3.5.296/gcc/dev/atmega328p/avr5/crtatmega328p.o
                0x00000000                __vectors
                0x00000000                __vector_default
 *(.vectors)
 *(.progmem.gcc*)
                0x00000068                        . = ALIGN (0x2)
                0x00000068                        __trampolines_start = .
 *(.trampolines)
 .trampolines   0x00000068        0x0 linker stubs
 *(.trampolines*)
                0x00000068                        __trampolines_end = .
 *libprintf_flt.a:*(.progmem.data)
 *libc.a:*(.progmem.data)
 *(.progmem.*)
                0x00000068                        . = ALIGN (0x2)
 *(.lowtext)
 *(.lowtext*)
                0x00000068                        __ctors_start = .
 *(.ctors)
                0x00000068                        __ctors_end = .
                0x00000068                        __dtors_start = .
 *(.dtors)
                0x00000068                        __dtors_end = .
 SORT_BY_NAME(*)(.ctors)
 SORT_BY_NAME(*)(.dtors)
 *(.init0)
 .init0         0x00000068        0x0 /Users/roope/.mchp_packs/Microchip/ATmega_DFP/3.5.296/gcc/dev/atmega328p/avr5/crtatmega328p.o
                0x00000068                __init
 *(.init0)
 *(.init1)
 *(.init1)
 *(.init2)
 .init2         0x00000068        0xc /Users/roope/.mchp_packs/Microchip/ATmega_DFP/3.5.296/gcc/dev/atmega328p/avr5/crtatmega328p.o
 *(.init2)
 *(.init3)
 *(.init3)
 *(.init4)
 .init4         0x00000074       0x10 /Users/roope/Documents/Koulu/Embedded systems/avr8-gnu-toolchain-darwin_universal/bin/../lib/gcc/avr/15.1.0/avr5/libgcc.a(_clear_bss.o)
                0x00000074                __do_clear_bss
 *(.init4)
 *(.init5)
 *(.init5)
 *(.init6)
 *(.init6)
 *(.init7)
 *(.init7)
 *(.init8)
 *(.init8)
 *(.init9)
 .init9         0x00000084        0x8 /Users/roope/.mchp_packs/Microchip/ATmega_DFP/3.5.296/gcc/dev/atmega328p/avr5/crtatmega328p.o
 *(.init9)
 *(.text)
 .text          0x0000008c        0x4 /Users/roope/.mchp_packs/Microchip/ATmega_DFP/3.5.296/gcc/dev/atmega328p/avr5/crtatmega328p.o
                0x0000008c                __vector_20
                0x0000008c                __vector_1
                0x0000008c                __vector_12
                0x0000008c                __bad_interrupt
                0x0000008c                __vector_6
                0x0000008c                __vector_3
                0x0000008c                __vector_23
                0x0000008c                __vector_25
                0x0000008c                __vector_11
                0x0000008c                __vector_13
                0x0000008c                __vector_17
                0x0000008c                __vector_19
                0x0000008c                __vector_7
                0x0000008c                __vector_5
                0x0000008c                __vector_4
                0x0000008c                __vector_9
                0x0000008c                __vector_2
                0x0000008c                __vector_21
                0x0000008c                __vector_15
                0x0000008c                __vector_8
                0x0000008c                __vector_14
                0x0000008c                __vector_10
                0x0000008c                __vector_16
                0x0000008c                __vector_18
                0x0000008c                __vector_22
                0x00000090                        . = ALIGN (0x2)
 *(.text.*)
 .text.play_tone
                0x00000090       0xda build/default/production/main.o
                0x00000090                play_tone
 .text.play_alarm
                0x0000016a       0x3e build/default/production/main.o
                0x0000016a                play_alarm
 .text.TWI_slave_init
                0x000001a8        0xe build/default/production/main.o
                0x000001a8                TWI_slave_init
 .text.__vector_24
                0x000001b6       0x52 build/default/production/main.o
                0x000001b6                __vector_24
 .text.main     0x00000208       0x3a build/default/production/main.o
                0x00000208                main
 .text.libgcc.mul
                0x00000242       0x1e /Users/roope/Documents/Koulu/Embedded systems/avr8-gnu-toolchain-darwin_universal/bin/../lib/gcc/avr/15.1.0/avr5/libgcc.a(_umulhisi3.o)
                0x00000242                __umulhisi3
 .text.libgcc.div
                0x00000260       0x44 /Users/roope/Documents/Koulu/Embedded systems/avr8-gnu-toolchain-darwin_universal/bin/../lib/gcc/avr/15.1.0/avr5/libgcc.a(_udivmodsi4.o)
                0x00000260                __udivmodsi4
                0x000002a4                        . = ALIGN (0x2)
 *(.fini9)
 .fini9         0x000002a4        0x0 /Users/roope/Documents/Koulu/Embedded systems/avr8-gnu-toolchain-darwin_universal/bin/../lib/gcc/avr/15.1.0/avr5/libgcc.a(_exit.o)
                0x000002a4                exit
                0x000002a4                _exit
 *(.fini9)
 *(.fini8)
 *(.fini8)
 *(.fini7)
 *(.fini7)
 *(.fini6)
 *(.fini6)
 *(.fini5)
 *(.fini5)
 *(.fini4)
 *(.fini4)
 *(.fini3)
 *(.fini3)
 *(.fini2)
 *(.fini2)
 *(.fini1)
 *(.fini1)
 *(.fini0)
 .fini0         0x000002a4        0x4 /Users/roope/Documents/Koulu/Embedded systems/avr8-gnu-toolchain-darwin_universal/bin/../lib/gcc/avr/15.1.0/avr5/libgcc.a(_exit.o)
 *(.fini0)
 *(.hightext)
 *(.hightext*)
 *(.progmemx.*)
                0x000002a8                        . = ALIGN (0x2)
 *(.jumptables)
 *(.jumptables*)
                0x000002a8                        _etext = .

.data           0x00800100        0x0 load address 0x000002a8
                [!provide]                        PROVIDE (__data_start = .)
 *(.data)
 *(.data*)
 *(.gnu.linkonce.d*)
 *(.rodata)
 *(.rodata*)
 *(.gnu.linkonce.r*)
                0x00800100                        . = ALIGN (0x2)
                0x00800100                        _edata = .
                [!provide]                        PROVIDE (__data_end = .)

.bss            0x00800100        0x1
                0x00800100                        PROVIDE (__bss_start = .)
 *(.bss)
 *(.bss*)
 .bss.obstacle_active
                0x00800100        0x1 build/default/production/main.o
                0x00800100                obstacle_active
 *(COMMON)
                0x00800101                        PROVIDE (__bss_end = .)
                0x000002a8                        __data_load_start = LOADADDR (.data)
                0x000002a8                        __data_load_end = (__data_load_start + SIZEOF (.data))

.noinit         0x00800101        0x0
                [!provide]                        PROVIDE (__noinit_start = .)
 *(.noinit .noinit.* .gnu.linkonce.n.*)
                [!provide]                        PROVIDE (__noinit_end = .)
                0x00800101                        _end = .
                [!provide]                        PROVIDE (__heap_start = .)
                0x00000000                        __flmap_init_label = DEFINED (__flmap_noinit_start)?__flmap_noinit_start:0x0
                0x00000000                        __flmap = DEFINED (__flmap)?__flmap:0x0

.eeprom         0x00810000        0x0
 *(.eeprom*)
                0x00810000                        __eeprom_end = .

.fuse
 *(.fuse)
 *(.lfuse)
 *(.hfuse)
 *(.efuse)

.lock
 *(.lock*)

.signature
 *(.signature*)

.stab
 *(.stab)

.stabstr
 *(.stabstr)

.stab.excl
 *(.stab.excl)

.stab.exclstr
 *(.stab.exclstr)

.stab.index
 *(.stab.index)

.stab.indexstr
 *(.stab.indexstr)

.comment        0x00000000       0x2f
 *(.comment)
 .comment       0x00000000       0x2f build/default/production/main.o
                                 0x30 (size before relaxing)

.note.gnu.avr.deviceinfo
                0x00000000       0x40
 .note.gnu.avr.deviceinfo
                0x00000000       0x40 /Users/roope/.mchp_packs/Microchip/ATmega_DFP/3.5.296/gcc/dev/atmega328p/avr5/crtatmega328p.o

.gnu.build.attributes
 *(.gnu.build.attributes .gnu.build.attributes.*)

.note.gnu.build-id
 *(.note.gnu.build-id)

.debug
 *(.debug)

.line
 *(.line)

.debug_srcinfo
 *(.debug_srcinfo)

.debug_sfnames
 *(.debug_sfnames)

.debug_aranges
 *(.debug_aranges)

.debug_pubnames
 *(.debug_pubnames)

.debug_info     0x00000000      0x5f4
 *(.debug_info .gnu.linkonce.wi.*)
 .debug_info    0x00000000      0x5f4 /Users/roope/.mchp_packs/Microchip/ATmega_DFP/3.5.296/gcc/dev/atmega328p/avr5/crtatmega328p.o

.debug_abbrev   0x00000000      0x5a2
 *(.debug_abbrev)
 .debug_abbrev  0x00000000      0x5a2 /Users/roope/.mchp_packs/Microchip/ATmega_DFP/3.5.296/gcc/dev/atmega328p/avr5/crtatmega328p.o

.debug_line     0x00000000      0x134
 *(.debug_line .debug_line.* .debug_line_end)
 .debug_line    0x00000000      0x134 /Users/roope/.mchp_packs/Microchip/ATmega_DFP/3.5.296/gcc/dev/atmega328p/avr5/crtatmega328p.o

.debug_frame
 *(.debug_frame)

.debug_str      0x00000000      0x208
 *(.debug_str)
 .debug_str     0x00000000      0x208 /Users/roope/.mchp_packs/Microchip/ATmega_DFP/3.5.296/gcc/dev/atmega328p/avr5/crtatmega328p.o

.debug_loc
 *(.debug_loc)

.debug_macinfo
 *(.debug_macinfo)

.debug_weaknames
 *(.debug_weaknames)

.debug_funcnames
 *(.debug_funcnames)

.debug_typenames
 *(.debug_typenames)

.debug_varnames
 *(.debug_varnames)

.debug_pubtypes
 *(.debug_pubtypes)

.debug_ranges
 *(.debug_ranges)

.debug_addr
 *(.debug_addr)

.debug_line_str
 *(.debug_line_str)

.debug_loclists
 *(.debug_loclists)

.debug_macro
 *(.debug_macro)

.debug_names
 *(.debug_names)

.debug_rnglists
 *(.debug_rnglists)

.debug_str_offsets
 *(.debug_str_offsets)

.debug_sup
 *(.debug_sup)
OUTPUT(dist/default/production/Project_Slave.X.production.elf elf32-avr)
LOAD linker stubs
